// Jest Snapshot v1, https://goo.gl/fbAQLP

exports[`Check MyRockets matches snapshot 1`] = `
<div
  className="container"
>
  <ul
    className="my-journeys"
  >
    <li>
       
      <h1>
        My Missions
      </h1>
    </li>
    <li>
      No Missions joined yet
    </li>
  </ul>
  <ul
    className="my-journeys"
    data-testid="profileRockets"
  >
    <li>
       
      <h1>
        My Rockets
      </h1>
    </li>
    <li>
      No rocket reservations yet
    </li>
  </ul>
</div>
`;
